1	$#int	move
2	int#main	reduction
3	funcType#main	move
4	main#(	reduction
5	FuncName#(	move
6	(#)	move
7	)#{	move
8	{#if	move
9	if#(	move
10	(#IntConst	move
11	IntConst#<	reduction
12	number#<	reduction
13	primaryExp#<	reduction
14	unaryExp#<	reduction
15	mulExp#<	reduction
16	addExp#<	reduction
17	relExp#<	move
18	<#IntConst	move
19	IntConst#)	reduction
20	number#)	reduction
21	primaryExp#)	reduction
22	unaryExp#)	reduction
23	mulExp#)	reduction
24	addExp#)	reduction
25	relExp#)	reduction
26	eqExp#)	reduction
27	lAndExp#)	reduction
28	lOrExp#)	reduction
29	cond#)	move
30	)#return	move
31	return#IntConst	move
32	IntConst#;	reduction
33	number#;	reduction
34	primaryExp#;	reduction
35	unaryExp#;	reduction
36	mulExp#;	reduction
37	addExp#;	reduction
38	exp#;	move
39	;#else	reduction
40	stmt#else	move
41	else#return	move
42	return#IntConst	move
43	IntConst#;	reduction
44	number#;	reduction
45	primaryExp#;	reduction
46	unaryExp#;	reduction
47	mulExp#;	reduction
48	addExp#;	reduction
49	exp#;	move
50	;#}	reduction
51	stmt#}	reduction
52	stmt#}	reduction
53	blockItem#}	reduction
54	blockItemList#}	reduction
55	blockItemList#}	move
56	}#$	reduction
57	block#$	reduction
58	funcDef#$	reduction
59	compUnit#$	reduction
60	compUnit#$	reduction
61	Program#$	accept
